2025-12-11T12:41:49.370+05:30  INFO 22828 --- [team3project] [main] c.example.demo.Team3projectApplication   : Starting Team3projectApplication using Java 21.0.7 with PID 22828 (C:\Users\shrey\OneDrive\Desktop\HostelManagement-Team03\target\classes started by shrey in C:\Users\shrey\OneDrive\Desktop\HostelManagement-Team03)
2025-12-11T12:41:49.374+05:30  INFO 22828 --- [team3project] [main] c.example.demo.Team3projectApplication   : No active profile set, falling back to 1 default profile: "default"
2025-12-11T12:41:50.975+05:30  INFO 22828 --- [team3project] [main] .s.d.r.c.RepositoryConfigurationDelegate : Bootstrapping Spring Data JPA repositories in DEFAULT mode.
2025-12-11T12:41:51.106+05:30  INFO 22828 --- [team3project] [main] .s.d.r.c.RepositoryConfigurationDelegate : Finished Spring Data repository scanning in 115 ms. Found 8 JPA repository interfaces.
2025-12-11T12:41:51.770+05:30  INFO 22828 --- [team3project] [main] o.s.b.w.embedded.tomcat.TomcatWebServer  : Tomcat initialized with port 8096 (http)
2025-12-11T12:41:51.796+05:30  INFO 22828 --- [team3project] [main] o.apache.catalina.core.StandardService   : Starting service [Tomcat]
2025-12-11T12:41:51.796+05:30  INFO 22828 --- [team3project] [main] o.apache.catalina.core.StandardEngine    : Starting Servlet engine: [Apache Tomcat/10.1.48]
2025-12-11T12:41:51.887+05:30  INFO 22828 --- [team3project] [main] o.a.c.c.C.[Tomcat].[localhost].[/]       : Initializing Spring embedded WebApplicationContext
2025-12-11T12:41:51.887+05:30  INFO 22828 --- [team3project] [main] w.s.c.ServletWebServerApplicationContext : Root WebApplicationContext: initialization completed in 2447 ms
2025-12-11T12:41:52.272+05:30  INFO 22828 --- [team3project] [main] o.hibernate.jpa.internal.util.LogHelper  : HHH000204: Processing PersistenceUnitInfo [name: default]
2025-12-11T12:41:52.348+05:30  INFO 22828 --- [team3project] [main] org.hibernate.Version                    : HHH000412: Hibernate ORM core version 6.6.33.Final
2025-12-11T12:41:52.399+05:30  INFO 22828 --- [team3project] [main] o.h.c.internal.RegionFactoryInitiator    : HHH000026: Second-level cache disabled
2025-12-11T12:41:52.827+05:30  INFO 22828 --- [team3project] [main] o.s.o.j.p.SpringPersistenceUnitInfo      : No LoadTimeWeaver setup: ignoring JPA class transformer
2025-12-11T12:41:52.871+05:30  INFO 22828 --- [team3project] [main] com.zaxxer.hikari.HikariDataSource       : HikariPool-1 - Starting...
2025-12-11T12:41:53.694+05:30  INFO 22828 --- [team3project] [main] com.zaxxer.hikari.pool.HikariPool        : HikariPool-1 - Added connection org.postgresql.jdbc.PgConnection@2986427e
2025-12-11T12:41:53.698+05:30  INFO 22828 --- [team3project] [main] com.zaxxer.hikari.HikariDataSource       : HikariPool-1 - Start completed.
2025-12-11T12:41:53.992+05:30  INFO 22828 --- [team3project] [main] org.hibernate.orm.connections.pooling    : HHH10001005: Database info:
	Database JDBC URL [Connecting through datasource 'HikariDataSource (HikariPool-1)']
	Database driver: undefined/unknown
	Database version: 15.14
	Autocommit mode: undefined/unknown
	Isolation level: undefined/unknown
	Minimum pool size: undefined/unknown
	Maximum pool size: undefined/unknown
2025-12-11T12:41:55.789+05:30  INFO 22828 --- [team3project] [main] o.h.e.t.j.p.i.JtaPlatformInitiator       : HHH000489: No JTA platform available (set 'hibernate.transaction.jta.platform' to enable JTA platform integration)
2025-12-11T12:41:57.227+05:30  INFO 22828 --- [team3project] [main] j.LocalContainerEntityManagerFactoryBean : Initialized JPA EntityManagerFactory for persistence unit 'default'
2025-12-11T12:41:57.732+05:30  INFO 22828 --- [team3project] [main] o.s.d.j.r.query.QueryEnhancerFactory     : Hibernate is in classpath; If applicable, HQL parser will be used.
2025-12-11T12:41:58.990+05:30  WARN 22828 --- [team3project] [main] JpaBaseConfiguration$JpaWebConfiguration : spring.jpa.open-in-view is enabled by default. Therefore, database queries may be performed during view rendering. Explicitly configure spring.jpa.open-in-view to disable this warning
2025-12-11T12:41:59.054+05:30  INFO 22828 --- [team3project] [main] o.s.v.b.OptionalValidatorFactoryBean     : Failed to set up a Bean Validation provider: jakarta.validation.NoProviderFoundException: Unable to create a Configuration, because no Jakarta Bean Validation provider could be found. Add a provider like Hibernate Validator (RI) to your classpath.
2025-12-11T12:41:59.909+05:30  INFO 22828 --- [team3project] [main] o.s.b.a.e.web.EndpointLinksResolver      : Exposing 2 endpoints beneath base path '/actuator'
2025-12-11T12:42:00.042+05:30  INFO 22828 --- [team3project] [main] o.s.b.w.embedded.tomcat.TomcatWebServer  : Tomcat started on port 8096 (http) with context path '/'
2025-12-11T12:42:00.064+05:30  INFO 22828 --- [team3project] [main] c.example.demo.Team3projectApplication   : Started Team3projectApplication in 11.356 seconds (process running for 12.311)
2025-12-11T12:42:00.505+05:30  INFO 22828 --- [team3project] [RMI TCP Connection(10)-127.0.0.1] o.a.c.c.C.[Tomcat].[localhost].[/]       : Initializing Spring DispatcherServlet 'dispatcherServlet'
2025-12-11T12:42:00.506+05:30  INFO 22828 --- [team3project] [RMI TCP Connection(10)-127.0.0.1] o.s.web.servlet.DispatcherServlet        : Initializing Servlet 'dispatcherServlet'
2025-12-11T12:42:00.509+05:30  INFO 22828 --- [team3project] [RMI TCP Connection(10)-127.0.0.1] o.s.web.servlet.DispatcherServlet        : Completed initialization in 3 ms
2025-12-11T12:43:32.439+05:30  INFO 22828 --- [team3project] [RMI TCP Connection(13)-127.0.0.1] inMXBeanRegistrar$SpringApplicationAdmin : Application shutdown requested.
2025-12-11T12:43:32.446+05:30  INFO 22828 --- [team3project] [RMI TCP Connection(13)-127.0.0.1] o.s.b.w.e.tomcat.GracefulShutdown        : Commencing graceful shutdown. Waiting for active requests to complete
2025-12-11T12:43:32.457+05:30  INFO 22828 --- [team3project] [tomcat-shutdown] o.s.b.w.e.tomcat.GracefulShutdown        : Graceful shutdown complete
2025-12-11T12:43:32.469+05:30  INFO 22828 --- [team3project] [RMI TCP Connection(13)-127.0.0.1] j.LocalContainerEntityManagerFactoryBean : Closing JPA EntityManagerFactory for persistence unit 'default'
2025-12-11T12:43:32.474+05:30  INFO 22828 --- [team3project] [RMI TCP Connection(13)-127.0.0.1] com.zaxxer.hikari.HikariDataSource       : HikariPool-1 - Shutdown initiated...
2025-12-11T12:43:32.478+05:30  INFO 22828 --- [team3project] [RMI TCP Connection(13)-127.0.0.1] com.zaxxer.hikari.HikariDataSource       : HikariPool-1 - Shutdown completed.
2025-12-11T12:43:35.790+05:30  INFO 28088 --- [team3project] [main] c.example.demo.Team3projectApplication   : Starting Team3projectApplication using Java 21.0.7 with PID 28088 (C:\Users\shrey\OneDrive\Desktop\HostelManagement-Team03\target\classes started by shrey in C:\Users\shrey\OneDrive\Desktop\HostelManagement-Team03)
2025-12-11T12:43:35.793+05:30  INFO 28088 --- [team3project] [main] c.example.demo.Team3projectApplication   : No active profile set, falling back to 1 default profile: "default"
2025-12-11T12:43:37.408+05:30  INFO 28088 --- [team3project] [main] .s.d.r.c.RepositoryConfigurationDelegate : Bootstrapping Spring Data JPA repositories in DEFAULT mode.
2025-12-11T12:43:37.536+05:30  INFO 28088 --- [team3project] [main] .s.d.r.c.RepositoryConfigurationDelegate : Finished Spring Data repository scanning in 112 ms. Found 8 JPA repository interfaces.
2025-12-11T12:43:38.191+05:30  INFO 28088 --- [team3project] [main] o.s.b.w.embedded.tomcat.TomcatWebServer  : Tomcat initialized with port 8096 (http)
2025-12-11T12:43:38.211+05:30  INFO 28088 --- [team3project] [main] o.apache.catalina.core.StandardService   : Starting service [Tomcat]
2025-12-11T12:43:38.212+05:30  INFO 28088 --- [team3project] [main] o.apache.catalina.core.StandardEngine    : Starting Servlet engine: [Apache Tomcat/10.1.48]
2025-12-11T12:43:38.303+05:30  INFO 28088 --- [team3project] [main] o.a.c.c.C.[Tomcat].[localhost].[/]       : Initializing Spring embedded WebApplicationContext
2025-12-11T12:43:38.303+05:30  INFO 28088 --- [team3project] [main] w.s.c.ServletWebServerApplicationContext : Root WebApplicationContext: initialization completed in 2449 ms
2025-12-11T12:43:38.712+05:30  INFO 28088 --- [team3project] [main] o.hibernate.jpa.internal.util.LogHelper  : HHH000204: Processing PersistenceUnitInfo [name: default]
2025-12-11T12:43:38.796+05:30  INFO 28088 --- [team3project] [main] org.hibernate.Version                    : HHH000412: Hibernate ORM core version 6.6.33.Final
2025-12-11T12:43:38.849+05:30  INFO 28088 --- [team3project] [main] o.h.c.internal.RegionFactoryInitiator    : HHH000026: Second-level cache disabled
2025-12-11T12:43:39.299+05:30  INFO 28088 --- [team3project] [main] o.s.o.j.p.SpringPersistenceUnitInfo      : No LoadTimeWeaver setup: ignoring JPA class transformer
2025-12-11T12:43:39.348+05:30  INFO 28088 --- [team3project] [main] com.zaxxer.hikari.HikariDataSource       : HikariPool-1 - Starting...
2025-12-11T12:43:40.282+05:30  INFO 28088 --- [team3project] [main] com.zaxxer.hikari.pool.HikariPool        : HikariPool-1 - Added connection org.postgresql.jdbc.PgConnection@49f2646
2025-12-11T12:43:40.287+05:30  INFO 28088 --- [team3project] [main] com.zaxxer.hikari.HikariDataSource       : HikariPool-1 - Start completed.
2025-12-11T12:43:40.585+05:30  INFO 28088 --- [team3project] [main] org.hibernate.orm.connections.pooling    : HHH10001005: Database info:
	Database JDBC URL [Connecting through datasource 'HikariDataSource (HikariPool-1)']
	Database driver: undefined/unknown
	Database version: 15.14
	Autocommit mode: undefined/unknown
	Isolation level: undefined/unknown
	Minimum pool size: undefined/unknown
	Maximum pool size: undefined/unknown
2025-12-11T12:43:42.238+05:30  INFO 28088 --- [team3project] [main] o.h.e.t.j.p.i.JtaPlatformInitiator       : HHH000489: No JTA platform available (set 'hibernate.transaction.jta.platform' to enable JTA platform integration)
2025-12-11T12:43:43.684+05:30  INFO 28088 --- [team3project] [main] j.LocalContainerEntityManagerFactoryBean : Initialized JPA EntityManagerFactory for persistence unit 'default'
2025-12-11T12:43:44.217+05:30  INFO 28088 --- [team3project] [main] o.s.d.j.r.query.QueryEnhancerFactory     : Hibernate is in classpath; If applicable, HQL parser will be used.
2025-12-11T12:43:45.494+05:30  WARN 28088 --- [team3project] [main] JpaBaseConfiguration$JpaWebConfiguration : spring.jpa.open-in-view is enabled by default. Therefore, database queries may be performed during view rendering. Explicitly configure spring.jpa.open-in-view to disable this warning
2025-12-11T12:43:45.580+05:30  INFO 28088 --- [team3project] [main] o.s.v.b.OptionalValidatorFactoryBean     : Failed to set up a Bean Validation provider: jakarta.validation.NoProviderFoundException: Unable to create a Configuration, because no Jakarta Bean Validation provider could be found. Add a provider like Hibernate Validator (RI) to your classpath.
2025-12-11T12:43:46.521+05:30  INFO 28088 --- [team3project] [main] o.s.b.a.e.web.EndpointLinksResolver      : Exposing 2 endpoints beneath base path '/actuator'
2025-12-11T12:43:46.734+05:30  INFO 28088 --- [team3project] [main] o.s.b.w.embedded.tomcat.TomcatWebServer  : Tomcat started on port 8096 (http) with context path '/'
2025-12-11T12:43:46.758+05:30  INFO 28088 --- [team3project] [main] c.example.demo.Team3projectApplication   : Started Team3projectApplication in 11.647 seconds (process running for 12.711)
2025-12-11T12:43:47.404+05:30  INFO 28088 --- [team3project] [RMI TCP Connection(8)-127.0.0.1] o.a.c.c.C.[Tomcat].[localhost].[/]       : Initializing Spring DispatcherServlet 'dispatcherServlet'
2025-12-11T12:43:47.405+05:30  INFO 28088 --- [team3project] [RMI TCP Connection(8)-127.0.0.1] o.s.web.servlet.DispatcherServlet        : Initializing Servlet 'dispatcherServlet'
2025-12-11T12:43:47.407+05:30  INFO 28088 --- [team3project] [RMI TCP Connection(8)-127.0.0.1] o.s.web.servlet.DispatcherServlet        : Completed initialization in 2 ms
2025-12-11T12:49:29.361+05:30  INFO 28088 --- [team3project] [RMI TCP Connection(17)-127.0.0.1] inMXBeanRegistrar$SpringApplicationAdmin : Application shutdown requested.
2025-12-11T12:49:29.365+05:30  INFO 28088 --- [team3project] [RMI TCP Connection(17)-127.0.0.1] o.s.b.w.e.tomcat.GracefulShutdown        : Commencing graceful shutdown. Waiting for active requests to complete
2025-12-11T12:49:29.376+05:30  INFO 28088 --- [team3project] [tomcat-shutdown] o.s.b.w.e.tomcat.GracefulShutdown        : Graceful shutdown complete
2025-12-11T12:49:29.388+05:30  INFO 28088 --- [team3project] [RMI TCP Connection(17)-127.0.0.1] j.LocalContainerEntityManagerFactoryBean : Closing JPA EntityManagerFactory for persistence unit 'default'
2025-12-11T12:49:29.391+05:30  INFO 28088 --- [team3project] [RMI TCP Connection(17)-127.0.0.1] com.zaxxer.hikari.HikariDataSource       : HikariPool-1 - Shutdown initiated...
2025-12-11T12:49:29.394+05:30  INFO 28088 --- [team3project] [RMI TCP Connection(17)-127.0.0.1] com.zaxxer.hikari.HikariDataSource       : HikariPool-1 - Shutdown completed.
